warning: in the working copy of '.github/workflows/build-apk.yml', LF will be replaced by CRLF the next time Git touches it
warning: in the working copy of '.github/workflows/build-web.yml', LF will be replaced by CRLF the next time Git touches it
warning: in the working copy of '.gitignore', LF will be replaced by CRLF the next time Git touches it
warning: in the working copy of 'README.md', LF will be replaced by CRLF the next time Git touches it
warning: in the working copy of '_add.log', LF will be replaced by CRLF the next time Git touches it
warning: in the working copy of '_add2.log', LF will be replaced by CRLF the next time Git touches it
warning: in the working copy of '_commit.log', LF will be replaced by CRLF the next time Git touches it
warning: in the working copy of 'android/app/build.gradle', LF will be replaced by CRLF the next time Git touches it
warning: in the working copy of 'android/app/src/main/AndroidManifest.xml', LF will be replaced by CRLF the next time Git touches it
warning: in the working copy of 'android/app/src/main/java/com/uncleren/poker/MainActivity.java', LF will be replaced by CRLF the next time Git touches it
warning: in the working copy of 'android/app/src/main/java/io/flutter/plugins/GeneratedPluginRegistrant.java', LF will be replaced by CRLF the next time Git touches it
warning: in the working copy of 'android/app/src/main/res/drawable/launch_background.xml', LF will be replaced by CRLF the next time Git touches it
warning: in the working copy of 'android/app/src/main/res/values/strings.xml', LF will be replaced by CRLF the next time Git touches it
warning: in the working copy of 'android/app/src/main/res/values/styles.xml', LF will be replaced by CRLF the next time Git touches it
warning: in the working copy of 'android/build.gradle', LF will be replaced by CRLF the next time Git touches it
warning: in the working copy of 'android/gradle.properties', LF will be replaced by CRLF the next time Git touches it
warning: in the working copy of 'android/gradle/wrapper/gradle-wrapper.properties', LF will be replaced by CRLF the next time Git touches it
warning: in the working copy of 'android/gradlew', LF will be replaced by CRLF the next time Git touches it
warning: in the working copy of 'android/gradlew.bat', LF will be replaced by CRLF the next time Git touches it
warning: in the working copy of 'android/settings.gradle', LF will be replaced by CRLF the next time Git touches it
warning: in the working copy of 'build_web.log', LF will be replaced by CRLF the next time Git touches it
warning: in the working copy of 'build_web_fetch.py', LF will be replaced by CRLF the next time Git touches it
warning: in the working copy of 'check_brackets.py', LF will be replaced by CRLF the next time Git touches it
warning: in the working copy of 'deploy_latest_web.py', LF will be replaced by CRLF the next time Git touches it
warning: in the working copy of 'download_web.py', LF will be replaced by CRLF the next time Git touches it
warning: in the working copy of 'fetch_both.py', LF will be replaced by CRLF the next time Git touches it
warning: in the working copy of 'fetch_logs.py', LF will be replaced by CRLF the next time Git touches it
warning: in the working copy of 'fetch_web_fc44.py', LF will be replaced by CRLF the next time Git touches it
warning: in the working copy of 'fetch_web_now.py', LF will be replaced by CRLF the next time Git touches it
warning: in the working copy of 'flutter_direct.sh', LF will be replaced by CRLF the next time Git touches it
warning: in the working copy of 'lib/game_controller.dart', LF will be replaced by CRLF the next time Git touches it
warning: in the working copy of 'lib/main.dart', LF will be replaced by CRLF the next time Git touches it
warning: in the working copy of 'lib/models/card_model.dart', LF will be replaced by CRLF the next time Git touches it
warning: in the working copy of 'lib/pages/hand_history_page.dart', LF will be replaced by CRLF the next time Git touches it
warning: in the working copy of 'lib/pages/lobby_page.dart', LF will be replaced by CRLF the next time Git touches it
warning: in the working copy of 'lib/pages/nickname_gate.dart', LF will be replaced by CRLF the next time Git touches it
warning: in the working copy of 'lib/pages/table_page.dart', LF will be replaced by CRLF the next time Git touches it
warning: in the working copy of 'lib/storage/hand_history_storage.dart', LF will be replaced by CRLF the next time Git touches it
warning: in the working copy of 'lib/storage/hand_history_storage_io.dart', LF will be replaced by CRLF the next time Git touches it
warning: in the working copy of 'lib/storage/hand_history_storage_web.dart', LF will be replaced by CRLF the next time Git touches it
warning: in the working copy of 'lib/storage/settings_storage.dart', LF will be replaced by CRLF the next time Git touches it
warning: in the working copy of 'lib/storage/settings_storage_io.dart', LF will be replaced by CRLF the next time Git touches it
warning: in the working copy of 'lib/storage/settings_storage_web.dart', LF will be replaced by CRLF the next time Git touches it
warning: in the working copy of 'lib/widgets/poker_card.dart', LF will be replaced by CRLF the next time Git touches it
warning: in the working copy of 'monitor_build.py', LF will be replaced by CRLF the next time Git touches it
warning: in the working copy of 'proxyssh.py', LF will be replaced by CRLF the next time Git touches it
warning: in the working copy of 'pubspec.lock', LF will be replaced by CRLF the next time Git touches it
warning: in the working copy of 'scripts/bump_version.py', LF will be replaced by CRLF the next time Git touches it
warning: in the working copy of 'scripts/gen_icons.py', LF will be replaced by CRLF the next time Git touches it
warning: in the working copy of 'setup_push.sh', LF will be replaced by CRLF the next time Git touches it
warning: in the working copy of 'watch_build.py', LF will be replaced by CRLF the next time Git touches it
warning: in the working copy of 'watch_web.py', LF will be replaced by CRLF the next time Git touches it
warning: in the working copy of 'web/index.html', LF will be replaced by CRLF the next time Git touches it
warning: in the working copy of 'web/manifest.json', LF will be replaced by CRLF the next time Git touches it
warning: in the working copy of 'web_host/assets/NOTICES', LF will be replaced by CRLF the next time Git touches it
warning: in the working copy of 'web_host/assets/shaders/ink_sparkle.frag', LF will be replaced by CRLF the next time Git touches it
warning: in the working copy of 'web_host/canvaskit/canvaskit.js', LF will be replaced by CRLF the next time Git touches it
warning: in the working copy of 'web_host/canvaskit/canvaskit.js.symbols', LF will be replaced by CRLF the next time Git touches it
warning: in the working copy of 'web_host/canvaskit/chromium/canvaskit.js', LF will be replaced by CRLF the next time Git touches it
warning: in the working copy of 'web_host/canvaskit/chromium/canvaskit.js.symbols', LF will be replaced by CRLF the next time Git touches it
warning: in the working copy of 'web_host/canvaskit/skwasm.js', LF will be replaced by CRLF the next time Git touches it
warning: in the working copy of 'web_host/canvaskit/skwasm.js.symbols', LF will be replaced by CRLF the next time Git touches it
warning: in the working copy of 'web_host/canvaskit/skwasm_st.js', LF will be replaced by CRLF the next time Git touches it
warning: in the working copy of 'web_host/canvaskit/skwasm_st.js.symbols', LF will be replaced by CRLF the next time Git touches it
warning: in the working copy of 'web_host/flutter.js', LF will be replaced by CRLF the next time Git touches it
warning: in the working copy of 'web_host/flutter_bootstrap.js', LF will be replaced by CRLF the next time Git touches it
warning: in the working copy of 'web_host/flutter_service_worker.js', LF will be replaced by CRLF the next time Git touches it
warning: in the working copy of 'web_host/index.html', LF will be replaced by CRLF the next time Git touches it
warning: in the working copy of 'web_host/main.dart.js', LF will be replaced by CRLF the next time Git touches it
warning: in the working copy of 'web_host/manifest.json', LF will be replaced by CRLF the next time Git touches it
